// Jest Snapshot v1, https://goo.gl/fbAQLP

exports[`Double click select should match snapshots 1`] = `
Array [
  <div
    className="mt-1 mx-auto relative"
  >
    <span
      className="flex items-center  select-none cursor-pointer dark:text-white text-black"
      data-testid="val-displayer"
      onClick={[Function]}
    >
      option 1
    </span>
  </div>,
  <ul
    aria-activedescendant="listbox-option-3"
    aria-labelledby="listbox-label"
    className="absolute z-10 mt-1 w-28  mx-auto bg-white shadow-lg max-h-56 rounded-md py-1 text-base ring-1 ring-black ring-opacity-5 overflow-auto focus:outline-none sm:text-sm"
    data-testid="main-select"
    onBlur={[Function]}
    role="listbox"
    style={
      Object {
        "display": "none",
      }
    }
    tabIndex={-1}
  >
    <li
      aria-selected={true}
      className="text-gray-900  cursor-pointer select-none relative py-2 pl-2 pr-2 hover:bg-gray-200"
      data-testid="option"
      id="list-box-option-0"
      onClick={[Function]}
      role="option"
    >
      <div
        className="flex items-items"
      >
        <span
          className="text-black text-font-normal ml-3 block truncate text-center"
        >
          option 1
        </span>
      </div>
    </li>
    <li
      aria-selected={false}
      className="text-gray-900  cursor-pointer select-none relative py-2 pl-2 pr-2 hover:bg-gray-200"
      data-testid="option"
      id="list-box-option-1"
      onClick={[Function]}
      role="option"
    >
      <div
        className="flex items-items"
      >
        <span
          className="text-black text-font-normal ml-3 block truncate text-center"
        >
          option 2
        </span>
      </div>
    </li>
    <li
      aria-selected={false}
      className="text-gray-900  cursor-pointer select-none relative py-2 pl-2 pr-2 hover:bg-gray-200"
      data-testid="option"
      id="list-box-option-2"
      onClick={[Function]}
      role="option"
    >
      <div
        className="flex items-items"
      >
        <span
          className="text-black text-font-normal ml-3 block truncate text-center"
        >
          option-3
        </span>
      </div>
    </li>
  </ul>,
]
`;
