// Jest Snapshot v1, https://goo.gl/fbAQLP

exports[`matches snapshots 1`] = `
Array [
  <div
    data-testid="val-displayer"
    style={
      Object {
        "display": "block",
      }
    }
  >
    <h2
      data-testid="doubleClicker"
      onDoubleClick={[Function]}
    >
      Dummy
    </h2>
  </div>,
  <input
    className="border rounded-lg p-2  w-28 dark:border-green-600 dark:bg-green-500 border-blue-500 bg-blue-400 dark:text-white text-dark"
    data-testid="val-input"
    onBlur={[Function]}
    onChange={[Function]}
    onDoubleClick={[Function]}
    style={
      Object {
        "display": "none",
      }
    }
    value="Dummy"
  />,
]
`;
